// Jest Snapshot v1, https://goo.gl/fbAQLP

exports[`QRCode renders correctly 1`] = `
<div>
  <span>
    Defs: 
    {}
    children: 
    <span>
      LinearGradient: 
      {"id":"grad","x1":"0%","y1":"0%","x2":"100%","y2":"100%"}
      children: 
      <span>
        Stop: 
        {"offset":"0","stopColor":"rgb(255,0,0)","stopOpacity":"1"}
      </span>
      <span>
        Stop: 
        {"offset":"1","stopColor":"rgb(0,255,255)","stopOpacity":"1"}
      </span>
    </span>
    <span>
      Path: 
      {"id":"textPath","d":"M0 112 L100 112"}
    </span>
  </span>
  <span>
    G: 
    {"clipPath":""}
    children: 
    <span>
      Rect: 
      {"x":0,"y":0,"width":100,"height":150,"fill":"white"}
    </span>
    <span>
      Path: 
      {"d":"M0 2 L4 2 M4 2 L8 2 M8 2 L12 2 M12 2 L16 2 M16 2 L20 2 M20 2 L24 2 M24 2 L28 2 M48 2 L52 2 M52 2 L56 2 M56 2 L60 2 M64 2 L68 2 M72 2 L76 2 M76 2 L80 2 M80 2 L84 2 M84 2 L88 2 M88 2 L92 2 M92 2 L96 2 M96 2 L100 2 M0 6 L4 6 M24 6 L28 6 M32 6 L36 6 M36 6 L40 6 M40 6 L44 6 M44 6 L48 6 M48 6 L52 6 M56 6 L60 6 M60 6 L64 6 M64 6 L68 6 M72 6 L76 6 M96 6 L100 6 M0 10 L4 10 M8 10 L12 10 M12 10 L16 10 M16 10 L20 10 M24 10 L28 10 M36 10 L40 10 M48 10 L52 10 M52 10 L56 10 M56 10 L60 10 M72 10 L76 10 M80 10 L84 10 M84 10 L88 10 M88 10 L92 10 M96 10 L100 10 M0 14 L4 14 M8 14 L12 14 M12 14 L16 14 M16 14 L20 14 M24 14 L28 14 M36 14 L40 14 M52 14 L56 14 M56 14 L60 14 M60 14 L64 14 M72 14 L76 14 M80 14 L84 14 M84 14 L88 14 M88 14 L92 14 M96 14 L100 14 M0 18 L4 18 M8 18 L12 18 M12 18 L16 18 M16 18 L20 18 M24 18 L28 18 M32 18 L36 18 M48 18 L52 18 M56 18 L60 18 M60 18 L64 18 M72 18 L76 18 M80 18 L84 18 M84 18 L88 18 M88 18 L92 18 M96 18 L100 18 M0 22 L4 22 M24 22 L28 22 M36 22 L40 22 M44 22 L48 22 M52 22 L56 22 M60 22 L64 22 M72 22 L76 22 M96 22 L100 22 M0 26 L4 26 M4 26 L8 26 M8 26 L12 26 M12 26 L16 26 M16 26 L20 26 M20 26 L24 26 M24 26 L28 26 M32 26 L36 26 M40 26 L44 26 M48 26 L52 26 M56 26 L60 26 M64 26 L68 26 M72 26 L76 26 M76 26 L80 26 M80 26 L84 26 M84 26 L88 26 M88 26 L92 26 M92 26 L96 26 M96 26 L100 26 M40 30 L44 30 M48 30 L52 30 M52 30 L56 30 M56 30 L60 30 M60 30 L64 30 M64 30 L68 30 M0 34 L4 34 M8 34 L12 34 M16 34 L20 34 M24 34 L28 34 M36 34 L40 34 M44 34 L48 34 M56 34 L60 34 M64 34 L68 34 M80 34 L84 34 M92 34 L96 34 M4 38 L8 38 M20 38 L24 38 M36 38 L40 38 M40 38 L44 38 M48 38 L52 38 M56 38 L60 38 M64 38 L68 38 M68 38 L72 38 M72 38 L76 38 M76 38 L80 38 M84 38 L88 38 M88 38 L92 38 M92 38 L96 38 M96 38 L100 38 M4 42 L8 42 M12 42 L16 42 M16 42 L20 42 M24 42 L28 42 M32 42 L36 42 M48 42 L52 42 M52 42 L56 42 M72 42 L76 42 M76 42 L80 42 M80 42 L84 42 M84 42 L88 42 M88 42 L92 42 M92 42 L96 42 M96 42 L100 42 M0 46 L4 46 M4 46 L8 46 M8 46 L12 46 M12 46 L16 46 M16 46 L20 46 M20 46 L24 46 M28 46 L32 46 M36 46 L40 46 M40 46 L44 46 M48 46 L52 46 M64 46 L68 46 M68 46 L72 46 M76 46 L80 46 M92 46 L96 46 M20 50 L24 50 M24 50 L28 50 M28 50 L32 50 M32 50 L36 50 M36 50 L40 50 M48 50 L52 50 M60 50 L64 50 M64 50 L68 50 M68 50 L72 50 M72 50 L76 50 M84 50 L88 50 M4 54 L8 54 M8 54 L12 54 M12 54 L16 54 M16 54 L20 54 M20 54 L24 54 M28 54 L32 54 M36 54 L40 54 M44 54 L48 54 M48 54 L52 54 M52 54 L56 54 M64 54 L68 54 M84 54 L88 54 M92 54 L96 54 M96 54 L100 54 M0 58 L4 58 M12 58 L16 58 M16 58 L20 58 M20 58 L24 58 M24 58 L28 58 M28 58 L32 58 M36 58 L40 58 M44 58 L48 58 M48 58 L52 58 M56 58 L60 58 M72 58 L76 58 M80 58 L84 58 M84 58 L88 58 M92 58 L96 58 M96 58 L100 58 M4 62 L8 62 M8 62 L12 62 M12 62 L16 62 M16 62 L20 62 M20 62 L24 62 M32 62 L36 62 M36 62 L40 62 M40 62 L44 62 M48 62 L52 62 M52 62 L56 62 M56 62 L60 62 M76 62 L80 62 M84 62 L88 62 M92 62 L96 62 M0 66 L4 66 M12 66 L16 66 M24 66 L28 66 M28 66 L32 66 M36 66 L40 66 M44 66 L48 66 M56 66 L60 66 M64 66 L68 66 M68 66 L72 66 M72 66 L76 66 M76 66 L80 66 M80 66 L84 66 M92 66 L96 66 M96 66 L100 66 M32 70 L36 70 M36 70 L40 70 M44 70 L48 70 M56 70 L60 70 M60 70 L64 70 M64 70 L68 70 M80 70 L84 70 M84 70 L88 70 M96 70 L100 70 M0 74 L4 74 M4 74 L8 74 M8 74 L12 74 M12 74 L16 74 M16 74 L20 74 M20 74 L24 74 M24 74 L28 74 M36 74 L40 74 M40 74 L44 74 M52 74 L56 74 M60 74 L64 74 M64 74 L68 74 M72 74 L76 74 M80 74 L84 74 M88 74 L92 74 M92 74 L96 74 M96 74 L100 74 M0 78 L4 78 M24 78 L28 78 M36 78 L40 78 M44 78 L48 78 M64 78 L68 78 M80 78 L84 78 M0 82 L4 82 M8 82 L12 82 M12 82 L16 82 M16 82 L20 82 M24 82 L28 82 M32 82 L36 82 M36 82 L40 82 M40 82 L44 82 M48 82 L52 82 M64 82 L68 82 M68 82 L72 82 M72 82 L76 82 M76 82 L80 82 M80 82 L84 82 M96 82 L100 82 M0 86 L4 86 M8 86 L12 86 M12 86 L16 86 M16 86 L20 86 M24 86 L28 86 M36 86 L40 86 M44 86 L48 86 M48 86 L52 86 M52 86 L56 86 M60 86 L64 86 M76 86 L80 86 M80 86 L84 86 M84 86 L88 86 M88 86 L92 86 M0 90 L4 90 M8 90 L12 90 M12 90 L16 90 M16 90 L20 90 M24 90 L28 90 M32 90 L36 90 M40 90 L44 90 M44 90 L48 90 M48 90 L52 90 M56 90 L60 90 M64 90 L68 90 M68 90 L72 90 M72 90 L76 90 M80 90 L84 90 M84 90 L88 90 M88 90 L92 90 M96 90 L100 90 M0 94 L4 94 M24 94 L28 94 M48 94 L52 94 M52 94 L56 94 M56 94 L60 94 M60 94 L64 94 M64 94 L68 94 M68 94 L72 94 M80 94 L84 94 M92 94 L96 94 M0 98 L4 98 M4 98 L8 98 M8 98 L12 98 M12 98 L16 98 M16 98 L20 98 M20 98 L24 98 M24 98 L28 98 M32 98 L36 98 M36 98 L40 98 M40 98 L44 98 M44 98 L48 98 M56 98 L60 98 M64 98 L68 98 M80 98 L84 98 M84 98 L88 98 M92 98 L96 98 M96 98 L100 98 ","stroke":"black","strokeWidth":4}
    </span>
  </span>
</div>
`;

exports[`QRCode renders with logo correctly 1`] = `
<div>
  <span>
    Defs: 
    {}
    children: 
    <span>
      LinearGradient: 
      {"id":"grad","x1":"0%","y1":"0%","x2":"100%","y2":"100%"}
      children: 
      <span>
        Stop: 
        {"offset":"0","stopColor":"rgb(255,0,0)","stopOpacity":"1"}
      </span>
      <span>
        Stop: 
        {"offset":"1","stopColor":"rgb(0,255,255)","stopOpacity":"1"}
      </span>
    </span>
    <span>
      Path: 
      {"id":"textPath","d":"M0 112 L100 112"}
    </span>
  </span>
  <span>
    G: 
    {"clipPath":""}
    children: 
    <span>
      Rect: 
      {"x":0,"y":0,"width":100,"height":150,"fill":"white"}
    </span>
    <span>
      Path: 
      {"d":"M0 2 L4 2 M4 2 L8 2 M8 2 L12 2 M12 2 L16 2 M16 2 L20 2 M20 2 L24 2 M24 2 L28 2 M48 2 L52 2 M52 2 L56 2 M56 2 L60 2 M64 2 L68 2 M72 2 L76 2 M76 2 L80 2 M80 2 L84 2 M84 2 L88 2 M88 2 L92 2 M92 2 L96 2 M96 2 L100 2 M0 6 L4 6 M24 6 L28 6 M32 6 L36 6 M36 6 L40 6 M40 6 L44 6 M44 6 L48 6 M48 6 L52 6 M56 6 L60 6 M60 6 L64 6 M64 6 L68 6 M72 6 L76 6 M96 6 L100 6 M0 10 L4 10 M8 10 L12 10 M12 10 L16 10 M16 10 L20 10 M24 10 L28 10 M36 10 L40 10 M48 10 L52 10 M52 10 L56 10 M56 10 L60 10 M72 10 L76 10 M80 10 L84 10 M84 10 L88 10 M88 10 L92 10 M96 10 L100 10 M0 14 L4 14 M8 14 L12 14 M12 14 L16 14 M16 14 L20 14 M24 14 L28 14 M36 14 L40 14 M52 14 L56 14 M56 14 L60 14 M60 14 L64 14 M72 14 L76 14 M80 14 L84 14 M84 14 L88 14 M88 14 L92 14 M96 14 L100 14 M0 18 L4 18 M8 18 L12 18 M12 18 L16 18 M16 18 L20 18 M24 18 L28 18 M32 18 L36 18 M48 18 L52 18 M56 18 L60 18 M60 18 L64 18 M72 18 L76 18 M80 18 L84 18 M84 18 L88 18 M88 18 L92 18 M96 18 L100 18 M0 22 L4 22 M24 22 L28 22 M36 22 L40 22 M44 22 L48 22 M52 22 L56 22 M60 22 L64 22 M72 22 L76 22 M96 22 L100 22 M0 26 L4 26 M4 26 L8 26 M8 26 L12 26 M12 26 L16 26 M16 26 L20 26 M20 26 L24 26 M24 26 L28 26 M32 26 L36 26 M40 26 L44 26 M48 26 L52 26 M56 26 L60 26 M64 26 L68 26 M72 26 L76 26 M76 26 L80 26 M80 26 L84 26 M84 26 L88 26 M88 26 L92 26 M92 26 L96 26 M96 26 L100 26 M40 30 L44 30 M48 30 L52 30 M52 30 L56 30 M56 30 L60 30 M60 30 L64 30 M64 30 L68 30 M0 34 L4 34 M8 34 L12 34 M16 34 L20 34 M24 34 L28 34 M36 34 L40 34 M44 34 L48 34 M56 34 L60 34 M64 34 L68 34 M80 34 L84 34 M92 34 L96 34 M4 38 L8 38 M20 38 L24 38 M36 38 L40 38 M40 38 L44 38 M48 38 L52 38 M56 38 L60 38 M64 38 L68 38 M68 38 L72 38 M72 38 L76 38 M76 38 L80 38 M84 38 L88 38 M88 38 L92 38 M92 38 L96 38 M96 38 L100 38 M4 42 L8 42 M12 42 L16 42 M16 42 L20 42 M24 42 L28 42 M32 42 L36 42 M48 42 L52 42 M52 42 L56 42 M72 42 L76 42 M76 42 L80 42 M80 42 L84 42 M84 42 L88 42 M88 42 L92 42 M92 42 L96 42 M96 42 L100 42 M0 46 L4 46 M4 46 L8 46 M8 46 L12 46 M12 46 L16 46 M16 46 L20 46 M20 46 L24 46 M28 46 L32 46 M36 46 L40 46 M40 46 L44 46 M48 46 L52 46 M64 46 L68 46 M68 46 L72 46 M76 46 L80 46 M92 46 L96 46 M20 50 L24 50 M24 50 L28 50 M28 50 L32 50 M32 50 L36 50 M36 50 L40 50 M48 50 L52 50 M60 50 L64 50 M64 50 L68 50 M68 50 L72 50 M72 50 L76 50 M84 50 L88 50 M4 54 L8 54 M8 54 L12 54 M12 54 L16 54 M16 54 L20 54 M20 54 L24 54 M28 54 L32 54 M36 54 L40 54 M44 54 L48 54 M48 54 L52 54 M52 54 L56 54 M64 54 L68 54 M84 54 L88 54 M92 54 L96 54 M96 54 L100 54 M0 58 L4 58 M12 58 L16 58 M16 58 L20 58 M20 58 L24 58 M24 58 L28 58 M28 58 L32 58 M36 58 L40 58 M44 58 L48 58 M48 58 L52 58 M56 58 L60 58 M72 58 L76 58 M80 58 L84 58 M84 58 L88 58 M92 58 L96 58 M96 58 L100 58 M4 62 L8 62 M8 62 L12 62 M12 62 L16 62 M16 62 L20 62 M20 62 L24 62 M32 62 L36 62 M36 62 L40 62 M40 62 L44 62 M48 62 L52 62 M52 62 L56 62 M56 62 L60 62 M76 62 L80 62 M84 62 L88 62 M92 62 L96 62 M0 66 L4 66 M12 66 L16 66 M24 66 L28 66 M28 66 L32 66 M36 66 L40 66 M44 66 L48 66 M56 66 L60 66 M64 66 L68 66 M68 66 L72 66 M72 66 L76 66 M76 66 L80 66 M80 66 L84 66 M92 66 L96 66 M96 66 L100 66 M32 70 L36 70 M36 70 L40 70 M44 70 L48 70 M56 70 L60 70 M60 70 L64 70 M64 70 L68 70 M80 70 L84 70 M84 70 L88 70 M96 70 L100 70 M0 74 L4 74 M4 74 L8 74 M8 74 L12 74 M12 74 L16 74 M16 74 L20 74 M20 74 L24 74 M24 74 L28 74 M36 74 L40 74 M40 74 L44 74 M52 74 L56 74 M60 74 L64 74 M64 74 L68 74 M72 74 L76 74 M80 74 L84 74 M88 74 L92 74 M92 74 L96 74 M96 74 L100 74 M0 78 L4 78 M24 78 L28 78 M36 78 L40 78 M44 78 L48 78 M64 78 L68 78 M80 78 L84 78 M0 82 L4 82 M8 82 L12 82 M12 82 L16 82 M16 82 L20 82 M24 82 L28 82 M32 82 L36 82 M36 82 L40 82 M40 82 L44 82 M48 82 L52 82 M64 82 L68 82 M68 82 L72 82 M72 82 L76 82 M76 82 L80 82 M80 82 L84 82 M96 82 L100 82 M0 86 L4 86 M8 86 L12 86 M12 86 L16 86 M16 86 L20 86 M24 86 L28 86 M36 86 L40 86 M44 86 L48 86 M48 86 L52 86 M52 86 L56 86 M60 86 L64 86 M76 86 L80 86 M80 86 L84 86 M84 86 L88 86 M88 86 L92 86 M0 90 L4 90 M8 90 L12 90 M12 90 L16 90 M16 90 L20 90 M24 90 L28 90 M32 90 L36 90 M40 90 L44 90 M44 90 L48 90 M48 90 L52 90 M56 90 L60 90 M64 90 L68 90 M68 90 L72 90 M72 90 L76 90 M80 90 L84 90 M84 90 L88 90 M88 90 L92 90 M96 90 L100 90 M0 94 L4 94 M24 94 L28 94 M48 94 L52 94 M52 94 L56 94 M56 94 L60 94 M60 94 L64 94 M64 94 L68 94 M68 94 L72 94 M80 94 L84 94 M92 94 L96 94 M0 98 L4 98 M4 98 L8 98 M8 98 L12 98 M12 98 L16 98 M16 98 L20 98 M20 98 L24 98 M24 98 L28 98 M32 98 L36 98 M36 98 L40 98 M40 98 L44 98 M44 98 L48 98 M56 98 L60 98 M64 98 L68 98 M80 98 L84 98 M84 98 L88 98 M92 98 L96 98 M96 98 L100 98 ","stroke":"black","strokeWidth":4}
    </span>
  </span>
  <span>
    G: 
    {"x":38,"y":38}
    children: 
    <span>
      Defs: 
      {}
      children: 
      <span>
        ClipPath: 
        {"id":"clip-logo-background"}
        children: 
        <span>
          Rect: 
          {"width":24,"height":24,"rx":0,"ry":0}
        </span>
      </span>
      <span>
        ClipPath: 
        {"id":"clip-logo"}
        children: 
        <span>
          Rect: 
          {"width":20,"height":20,"rx":0,"ry":0}
        </span>
      </span>
    </span>
    <span>
      G: 
      {}
      children: 
      <span>
        Rect: 
        {"width":24,"height":24,"fill":"transparent","clipPath":"url(#clip-logo-background)"}
      </span>
    </span>
    <span>
      G: 
      {"x":2,"y":2}
      children: 
      <span>
        Image: 
        {"width":20,"height":20,"preserveAspectRatio":"xMidYMid slice","href":{"uri":"fakeUri"},"clipPath":"url(#clip-logo)"}
      </span>
    </span>
  </span>
</div>
`;

exports[`QRCode renders with segmented value 1`] = `
<div>
  <span>
    Defs: 
    {}
    children: 
    <span>
      LinearGradient: 
      {"id":"grad","x1":"0%","y1":"0%","x2":"100%","y2":"100%"}
      children: 
      <span>
        Stop: 
        {"offset":"0","stopColor":"rgb(255,0,0)","stopOpacity":"1"}
      </span>
      <span>
        Stop: 
        {"offset":"1","stopColor":"rgb(0,255,255)","stopOpacity":"1"}
      </span>
    </span>
    <span>
      Path: 
      {"id":"textPath","d":"M0 114.28571428571428 L100 114.28571428571428"}
    </span>
  </span>
  <span>
    G: 
    {"clipPath":""}
    children: 
    <span>
      Rect: 
      {"x":0,"y":0,"width":100,"height":150,"fill":"white"}
    </span>
    <span>
      Path: 
      {"d":"M0 2.380952380952381 L4.761904761904762 2.380952380952381 M4.761904761904762 2.380952380952381 L9.523809523809524 2.380952380952381 M9.523809523809524 2.380952380952381 L14.285714285714285 2.380952380952381 M14.285714285714285 2.380952380952381 L19.047619047619047 2.380952380952381 M19.047619047619047 2.380952380952381 L23.80952380952381 2.380952380952381 M23.80952380952381 2.380952380952381 L28.57142857142857 2.380952380952381 M28.57142857142857 2.380952380952381 L33.333333333333336 2.380952380952381 M38.095238095238095 2.380952380952381 L42.857142857142854 2.380952380952381 M52.38095238095238 2.380952380952381 L57.14285714285714 2.380952380952381 M57.14285714285714 2.380952380952381 L61.904761904761905 2.380952380952381 M66.66666666666667 2.380952380952381 L71.42857142857143 2.380952380952381 M71.42857142857143 2.380952380952381 L76.19047619047619 2.380952380952381 M76.19047619047619 2.380952380952381 L80.95238095238095 2.380952380952381 M80.95238095238095 2.380952380952381 L85.71428571428571 2.380952380952381 M85.71428571428571 2.380952380952381 L90.47619047619048 2.380952380952381 M90.47619047619048 2.380952380952381 L95.23809523809524 2.380952380952381 M95.23809523809524 2.380952380952381 L100 2.380952380952381 M0 7.142857142857142 L4.761904761904762 7.142857142857142 M28.57142857142857 7.142857142857142 L33.333333333333336 7.142857142857142 M47.61904761904762 7.142857142857142 L52.38095238095238 7.142857142857142 M52.38095238095238 7.142857142857142 L57.14285714285714 7.142857142857142 M66.66666666666667 7.142857142857142 L71.42857142857143 7.142857142857142 M95.23809523809524 7.142857142857142 L100 7.142857142857142 M0 11.904761904761905 L4.761904761904762 11.904761904761905 M9.523809523809524 11.904761904761905 L14.285714285714285 11.904761904761905 M14.285714285714285 11.904761904761905 L19.047619047619047 11.904761904761905 M19.047619047619047 11.904761904761905 L23.80952380952381 11.904761904761905 M28.57142857142857 11.904761904761905 L33.333333333333336 11.904761904761905 M38.095238095238095 11.904761904761905 L42.857142857142854 11.904761904761905 M57.14285714285714 11.904761904761905 L61.904761904761905 11.904761904761905 M66.66666666666667 11.904761904761905 L71.42857142857143 11.904761904761905 M76.19047619047619 11.904761904761905 L80.95238095238095 11.904761904761905 M80.95238095238095 11.904761904761905 L85.71428571428571 11.904761904761905 M85.71428571428571 11.904761904761905 L90.47619047619048 11.904761904761905 M95.23809523809524 11.904761904761905 L100 11.904761904761905 M0 16.666666666666664 L4.761904761904762 16.666666666666664 M9.523809523809524 16.666666666666664 L14.285714285714285 16.666666666666664 M14.285714285714285 16.666666666666664 L19.047619047619047 16.666666666666664 M19.047619047619047 16.666666666666664 L23.80952380952381 16.666666666666664 M28.57142857142857 16.666666666666664 L33.333333333333336 16.666666666666664 M42.857142857142854 16.666666666666664 L47.61904761904762 16.666666666666664 M57.14285714285714 16.666666666666664 L61.904761904761905 16.666666666666664 M66.66666666666667 16.666666666666664 L71.42857142857143 16.666666666666664 M76.19047619047619 16.666666666666664 L80.95238095238095 16.666666666666664 M80.95238095238095 16.666666666666664 L85.71428571428571 16.666666666666664 M85.71428571428571 16.666666666666664 L90.47619047619048 16.666666666666664 M95.23809523809524 16.666666666666664 L100 16.666666666666664 M0 21.428571428571427 L4.761904761904762 21.428571428571427 M9.523809523809524 21.428571428571427 L14.285714285714285 21.428571428571427 M14.285714285714285 21.428571428571427 L19.047619047619047 21.428571428571427 M19.047619047619047 21.428571428571427 L23.80952380952381 21.428571428571427 M28.57142857142857 21.428571428571427 L33.333333333333336 21.428571428571427 M42.857142857142854 21.428571428571427 L47.61904761904762 21.428571428571427 M52.38095238095238 21.428571428571427 L57.14285714285714 21.428571428571427 M57.14285714285714 21.428571428571427 L61.904761904761905 21.428571428571427 M66.66666666666667 21.428571428571427 L71.42857142857143 21.428571428571427 M76.19047619047619 21.428571428571427 L80.95238095238095 21.428571428571427 M80.95238095238095 21.428571428571427 L85.71428571428571 21.428571428571427 M85.71428571428571 21.428571428571427 L90.47619047619048 21.428571428571427 M95.23809523809524 21.428571428571427 L100 21.428571428571427 M0 26.19047619047619 L4.761904761904762 26.19047619047619 M28.57142857142857 26.19047619047619 L33.333333333333336 26.19047619047619 M38.095238095238095 26.19047619047619 L42.857142857142854 26.19047619047619 M42.857142857142854 26.19047619047619 L47.61904761904762 26.19047619047619 M47.61904761904762 26.19047619047619 L52.38095238095238 26.19047619047619 M52.38095238095238 26.19047619047619 L57.14285714285714 26.19047619047619 M57.14285714285714 26.19047619047619 L61.904761904761905 26.19047619047619 M66.66666666666667 26.19047619047619 L71.42857142857143 26.19047619047619 M95.23809523809524 26.19047619047619 L100 26.19047619047619 M0 30.95238095238095 L4.761904761904762 30.95238095238095 M4.761904761904762 30.95238095238095 L9.523809523809524 30.95238095238095 M9.523809523809524 30.95238095238095 L14.285714285714285 30.95238095238095 M14.285714285714285 30.95238095238095 L19.047619047619047 30.95238095238095 M19.047619047619047 30.95238095238095 L23.80952380952381 30.95238095238095 M23.80952380952381 30.95238095238095 L28.57142857142857 30.95238095238095 M28.57142857142857 30.95238095238095 L33.333333333333336 30.95238095238095 M38.095238095238095 30.95238095238095 L42.857142857142854 30.95238095238095 M47.61904761904762 30.95238095238095 L52.38095238095238 30.95238095238095 M57.14285714285714 30.95238095238095 L61.904761904761905 30.95238095238095 M66.66666666666667 30.95238095238095 L71.42857142857143 30.95238095238095 M71.42857142857143 30.95238095238095 L76.19047619047619 30.95238095238095 M76.19047619047619 30.95238095238095 L80.95238095238095 30.95238095238095 M80.95238095238095 30.95238095238095 L85.71428571428571 30.95238095238095 M85.71428571428571 30.95238095238095 L90.47619047619048 30.95238095238095 M90.47619047619048 30.95238095238095 L95.23809523809524 30.95238095238095 M95.23809523809524 30.95238095238095 L100 30.95238095238095 M42.857142857142854 35.714285714285715 L47.61904761904762 35.714285714285715 M47.61904761904762 35.714285714285715 L52.38095238095238 35.714285714285715 M57.14285714285714 35.714285714285715 L61.904761904761905 35.714285714285715 M0 40.476190476190474 L4.761904761904762 40.476190476190474 M9.523809523809524 40.476190476190474 L14.285714285714285 40.476190476190474 M28.57142857142857 40.476190476190474 L33.333333333333336 40.476190476190474 M33.333333333333336 40.476190476190474 L38.095238095238095 40.476190476190474 M47.61904761904762 40.476190476190474 L52.38095238095238 40.476190476190474 M71.42857142857143 40.476190476190474 L76.19047619047619 40.476190476190474 M85.71428571428571 40.476190476190474 L90.47619047619048 40.476190476190474 M95.23809523809524 40.476190476190474 L100 40.476190476190474 M0 45.238095238095234 L4.761904761904762 45.238095238095234 M4.761904761904762 45.238095238095234 L9.523809523809524 45.238095238095234 M14.285714285714285 45.238095238095234 L19.047619047619047 45.238095238095234 M19.047619047619047 45.238095238095234 L23.80952380952381 45.238095238095234 M33.333333333333336 45.238095238095234 L38.095238095238095 45.238095238095234 M47.61904761904762 45.238095238095234 L52.38095238095238 45.238095238095234 M52.38095238095238 45.238095238095234 L57.14285714285714 45.238095238095234 M66.66666666666667 45.238095238095234 L71.42857142857143 45.238095238095234 M76.19047619047619 45.238095238095234 L80.95238095238095 45.238095238095234 M0 50 L4.761904761904762 50 M9.523809523809524 50 L14.285714285714285 50 M14.285714285714285 50 L19.047619047619047 50 M19.047619047619047 50 L23.80952380952381 50 M23.80952380952381 50 L28.57142857142857 50 M28.57142857142857 50 L33.333333333333336 50 M52.38095238095238 50 L57.14285714285714 50 M57.14285714285714 50 L61.904761904761905 50 M61.904761904761905 50 L66.66666666666667 50 M71.42857142857143 50 L76.19047619047619 50 M76.19047619047619 50 L80.95238095238095 50 M80.95238095238095 50 L85.71428571428571 50 M90.47619047619048 50 L95.23809523809524 50 M95.23809523809524 50 L100 50 M4.761904761904762 54.76190476190476 L9.523809523809524 54.76190476190476 M9.523809523809524 54.76190476190476 L14.285714285714285 54.76190476190476 M14.285714285714285 54.76190476190476 L19.047619047619047 54.76190476190476 M19.047619047619047 54.76190476190476 L23.80952380952381 54.76190476190476 M23.80952380952381 54.76190476190476 L28.57142857142857 54.76190476190476 M38.095238095238095 54.76190476190476 L42.857142857142854 54.76190476190476 M42.857142857142854 54.76190476190476 L47.61904761904762 54.76190476190476 M47.61904761904762 54.76190476190476 L52.38095238095238 54.76190476190476 M52.38095238095238 54.76190476190476 L57.14285714285714 54.76190476190476 M71.42857142857143 54.76190476190476 L76.19047619047619 54.76190476190476 M90.47619047619048 54.76190476190476 L95.23809523809524 54.76190476190476 M9.523809523809524 59.52380952380952 L14.285714285714285 59.52380952380952 M14.285714285714285 59.52380952380952 L19.047619047619047 59.52380952380952 M19.047619047619047 59.52380952380952 L23.80952380952381 59.52380952380952 M23.80952380952381 59.52380952380952 L28.57142857142857 59.52380952380952 M28.57142857142857 59.52380952380952 L33.333333333333336 59.52380952380952 M38.095238095238095 59.52380952380952 L42.857142857142854 59.52380952380952 M42.857142857142854 59.52380952380952 L47.61904761904762 59.52380952380952 M47.61904761904762 59.52380952380952 L52.38095238095238 59.52380952380952 M52.38095238095238 59.52380952380952 L57.14285714285714 59.52380952380952 M57.14285714285714 59.52380952380952 L61.904761904761905 59.52380952380952 M66.66666666666667 59.52380952380952 L71.42857142857143 59.52380952380952 M76.19047619047619 59.52380952380952 L80.95238095238095 59.52380952380952 M80.95238095238095 59.52380952380952 L85.71428571428571 59.52380952380952 M85.71428571428571 59.52380952380952 L90.47619047619048 59.52380952380952 M90.47619047619048 59.52380952380952 L95.23809523809524 59.52380952380952 M95.23809523809524 59.52380952380952 L100 59.52380952380952 M38.095238095238095 64.28571428571429 L42.857142857142854 64.28571428571429 M42.857142857142854 64.28571428571429 L47.61904761904762 64.28571428571429 M47.61904761904762 64.28571428571429 L52.38095238095238 64.28571428571429 M61.904761904761905 64.28571428571429 L66.66666666666667 64.28571428571429 M0 69.04761904761905 L4.761904761904762 69.04761904761905 M4.761904761904762 69.04761904761905 L9.523809523809524 69.04761904761905 M9.523809523809524 69.04761904761905 L14.285714285714285 69.04761904761905 M14.285714285714285 69.04761904761905 L19.047619047619047 69.04761904761905 M19.047619047619047 69.04761904761905 L23.80952380952381 69.04761904761905 M23.80952380952381 69.04761904761905 L28.57142857142857 69.04761904761905 M28.57142857142857 69.04761904761905 L33.333333333333336 69.04761904761905 M38.095238095238095 69.04761904761905 L42.857142857142854 69.04761904761905 M61.904761904761905 69.04761904761905 L66.66666666666667 69.04761904761905 M66.66666666666667 69.04761904761905 L71.42857142857143 69.04761904761905 M76.19047619047619 69.04761904761905 L80.95238095238095 69.04761904761905 M90.47619047619048 69.04761904761905 L95.23809523809524 69.04761904761905 M95.23809523809524 69.04761904761905 L100 69.04761904761905 M0 73.80952380952381 L4.761904761904762 73.80952380952381 M28.57142857142857 73.80952380952381 L33.333333333333336 73.80952380952381 M42.857142857142854 73.80952380952381 L47.61904761904762 73.80952380952381 M47.61904761904762 73.80952380952381 L52.38095238095238 73.80952380952381 M57.14285714285714 73.80952380952381 L61.904761904761905 73.80952380952381 M71.42857142857143 73.80952380952381 L76.19047619047619 73.80952380952381 M90.47619047619048 73.80952380952381 L95.23809523809524 73.80952380952381 M95.23809523809524 73.80952380952381 L100 73.80952380952381 M0 78.57142857142857 L4.761904761904762 78.57142857142857 M9.523809523809524 78.57142857142857 L14.285714285714285 78.57142857142857 M14.285714285714285 78.57142857142857 L19.047619047619047 78.57142857142857 M19.047619047619047 78.57142857142857 L23.80952380952381 78.57142857142857 M28.57142857142857 78.57142857142857 L33.333333333333336 78.57142857142857 M47.61904761904762 78.57142857142857 L52.38095238095238 78.57142857142857 M61.904761904761905 78.57142857142857 L66.66666666666667 78.57142857142857 M66.66666666666667 78.57142857142857 L71.42857142857143 78.57142857142857 M80.95238095238095 78.57142857142857 L85.71428571428571 78.57142857142857 M90.47619047619048 78.57142857142857 L95.23809523809524 78.57142857142857 M95.23809523809524 78.57142857142857 L100 78.57142857142857 M0 83.33333333333333 L4.761904761904762 83.33333333333333 M9.523809523809524 83.33333333333333 L14.285714285714285 83.33333333333333 M14.285714285714285 83.33333333333333 L19.047619047619047 83.33333333333333 M19.047619047619047 83.33333333333333 L23.80952380952381 83.33333333333333 M28.57142857142857 83.33333333333333 L33.333333333333336 83.33333333333333 M47.61904761904762 83.33333333333333 L52.38095238095238 83.33333333333333 M52.38095238095238 83.33333333333333 L57.14285714285714 83.33333333333333 M61.904761904761905 83.33333333333333 L66.66666666666667 83.33333333333333 M66.66666666666667 83.33333333333333 L71.42857142857143 83.33333333333333 M0 88.09523809523809 L4.761904761904762 88.09523809523809 M9.523809523809524 88.09523809523809 L14.285714285714285 88.09523809523809 M14.285714285714285 88.09523809523809 L19.047619047619047 88.09523809523809 M19.047619047619047 88.09523809523809 L23.80952380952381 88.09523809523809 M28.57142857142857 88.09523809523809 L33.333333333333336 88.09523809523809 M38.095238095238095 88.09523809523809 L42.857142857142854 88.09523809523809 M47.61904761904762 88.09523809523809 L52.38095238095238 88.09523809523809 M52.38095238095238 88.09523809523809 L57.14285714285714 88.09523809523809 M57.14285714285714 88.09523809523809 L61.904761904761905 88.09523809523809 M61.904761904761905 88.09523809523809 L66.66666666666667 88.09523809523809 M80.95238095238095 88.09523809523809 L85.71428571428571 88.09523809523809 M85.71428571428571 88.09523809523809 L90.47619047619048 88.09523809523809 M90.47619047619048 88.09523809523809 L95.23809523809524 88.09523809523809 M95.23809523809524 88.09523809523809 L100 88.09523809523809 M0 92.85714285714286 L4.761904761904762 92.85714285714286 M28.57142857142857 92.85714285714286 L33.333333333333336 92.85714285714286 M47.61904761904762 92.85714285714286 L52.38095238095238 92.85714285714286 M52.38095238095238 92.85714285714286 L57.14285714285714 92.85714285714286 M61.904761904761905 92.85714285714286 L66.66666666666667 92.85714285714286 M66.66666666666667 92.85714285714286 L71.42857142857143 92.85714285714286 M71.42857142857143 92.85714285714286 L76.19047619047619 92.85714285714286 M0 97.61904761904762 L4.761904761904762 97.61904761904762 M4.761904761904762 97.61904761904762 L9.523809523809524 97.61904761904762 M9.523809523809524 97.61904761904762 L14.285714285714285 97.61904761904762 M14.285714285714285 97.61904761904762 L19.047619047619047 97.61904761904762 M19.047619047619047 97.61904761904762 L23.80952380952381 97.61904761904762 M23.80952380952381 97.61904761904762 L28.57142857142857 97.61904761904762 M28.57142857142857 97.61904761904762 L33.333333333333336 97.61904761904762 M38.095238095238095 97.61904761904762 L42.857142857142854 97.61904761904762 M52.38095238095238 97.61904761904762 L57.14285714285714 97.61904761904762 M57.14285714285714 97.61904761904762 L61.904761904761905 97.61904761904762 M61.904761904761905 97.61904761904762 L66.66666666666667 97.61904761904762 M66.66666666666667 97.61904761904762 L71.42857142857143 97.61904761904762 M71.42857142857143 97.61904761904762 L76.19047619047619 97.61904761904762 M76.19047619047619 97.61904761904762 L80.95238095238095 97.61904761904762 M95.23809523809524 97.61904761904762 L100 97.61904761904762 ","stroke":"black","strokeWidth":4.761904761904762}
    </span>
  </span>
</div>
`;
